definitions = "definition.csv"
provinces = "provinces.png"
rivers = "rivers.png"
topology = "heightmap.heightmap"
continent = "continent.txt"
adjacencies = "adjacencies.csv"
island_region = "island_region.txt"
seasons = "seasons.txt"

sea_zones = RANGE { 6167 6497 }
sea_zones = RANGE { 6647 6672 }
sea_zones = RANGE { 6890 6915 }
sea_zones = RANGE { 6937 6969 }
sea_zones = RANGE { 6970 6994 }    # Added to include provinces 6970-6994
sea_zones = RANGE { 7150 7163 }    # Added to include provinces 7150-7163
sea_zones = RANGE { 6673 6677 }    # Added to include provinces 6673-6677
sea_zones = LIST  { 6679 2959 }    # Added provinces 6679 and 2959
sea_zones = LIST  { 7270 7273 7276 7279 6917 }
sea_zones = RANGE { 6781 6785 }
sea_zones = RANGE { 6665 6667 }
impassable_seas = LIST { 2958 2960 }
impassable_seas = RANGE { 6619 6646 }
impassable_seas = RANGE { 6652 6666 }
impassable_seas = LIST { 6678 }
impassable_seas = LIST { 6681 6682 }
impassable_seas = RANGE { 6680 6780 }
impassable_seas = RANGE { 6786 6889 }
impassable_seas = RANGE { 6995 6999 }
impassable_seas = RANGE { 7000 7149 }
impassable_seas = RANGE { 7041 7070 }
impassable_seas = RANGE { 7164 7246 }
impassable_seas = RANGE { 7249 7257 }
impassable_seas = RANGE { 7271 7272 }
impassable_seas = LIST { 7275 }
impassable_seas = LIST { 6671 6911 7278 7269 }
lakes = RANGE { 6599  6618 }
lakes = LIST { 7247 }
lakes = LIST { 7248 }
lakes = LIST { 7258 }
impassable_mountains = RANGE { 2224  2250 }
impassable_mountains = RANGE { 6100  6166 }
impassable_mountains = RANGE { 7267  7268 }
impassable_mountains = LIST { 8546 }
impassable_mountains = LIST { 9862 }
river_provinces = RANGE { 6498  6598 }